════ FI-406 fresh-boot harness — 20260910-155942 ════
repo=/Users/hoivu/orca/workspaces/ecommerce/sf-4-sweep-run-fixes · log=/tmp/qa-fresh-boot-20260910-155942.log
[stage] GATE — 15:59:42 (elapsed 0s)
[gate] BLAST RADIUS — down -v sẽ xóa 7 volumes:
[gate]   pgdata       = BACKED-UP (stage BACKUP dump 9 DB trước wipe)
[gate]   redisdata    = regenerable
[gate]   rabbitmqdata = regenerable
[gate]   mailpitdata  = regenerable
[gate]   esdata       = regenerable
[gate]   mongodata    = MẤT VĨNH VIỄN (event_log — KHÔNG có backup)
[gate]   miniodata    = MẤT VĨNH VIỄN (uploaded images — bucket re-init only, ảnh KHÔNG re-upload)
[gate] disk free: 24GB (≥20GB OK)
TYPE            TOTAL     ACTIVE    SIZE      RECLAIMABLE
Images          87        0         7.997GB   6.888GB (86%)
Containers      0         0         0B        0B
Local Volumes   15        0         921.1MB   921.1MB (100%)
Build Cache     371       0         17.55GB   13.73GB
[gate] Docker VM RAM: 7GB (≥6GB OK)
[stage] BACKUP — 15:59:43 (elapsed 1s)
[backup] đảm bảo postgres sống + healthy trước dump (không dump-trên-starting)
[backup] postgres chưa chạy → docker compose up -d postgres
 Network ecommerce-net Creating 
 Network ecommerce-net Creating 
 Network ecommerce-net Created 
 Network ecommerce-net Created 
 Container ecommerce-postgres Creating 
 Container ecommerce-postgres Created 
 Container ecommerce-postgres Starting 
 Container ecommerce-postgres Started 
[backup] postgres healthy
[backup] pg_dump db_affiliate → /Users/hoivu/orca/workspaces/ecommerce/sf-4-sweep-run-fixes/backups/qa-20260910-155942/db_affiliate.sql.gz
[backup] pg_dump db_catalog → /Users/hoivu/orca/workspaces/ecommerce/sf-4-sweep-run-fixes/backups/qa-20260910-155942/db_catalog.sql.gz
[backup] pg_dump db_identity → /Users/hoivu/orca/workspaces/ecommerce/sf-4-sweep-run-fixes/backups/qa-20260910-155942/db_identity.sql.gz
[backup] pg_dump db_inventory → /Users/hoivu/orca/workspaces/ecommerce/sf-4-sweep-run-fixes/backups/qa-20260910-155942/db_inventory.sql.gz
[backup] pg_dump db_notification → /Users/hoivu/orca/workspaces/ecommerce/sf-4-sweep-run-fixes/backups/qa-20260910-155942/db_notification.sql.gz
[backup] pg_dump db_ordering → /Users/hoivu/orca/workspaces/ecommerce/sf-4-sweep-run-fixes/backups/qa-20260910-155942/db_ordering.sql.gz
[backup] pg_dump db_partner → /Users/hoivu/orca/workspaces/ecommerce/sf-4-sweep-run-fixes/backups/qa-20260910-155942/db_partner.sql.gz
[backup] pg_dump db_payment → /Users/hoivu/orca/workspaces/ecommerce/sf-4-sweep-run-fixes/backups/qa-20260910-155942/db_payment.sql.gz
[backup] pg_dump db_template → /Users/hoivu/orca/workspaces/ecommerce/sf-4-sweep-run-fixes/backups/qa-20260910-155942/db_template.sql.gz
[backup] RESTORE-TEST per-DB (throwaway qa_restore_test_* — gunzip không đủ)
NOTICE:  database "qa_restore_test_affiliate" does not exist, skipping
[backup] RESTORE-TEST db_affiliate → qa_restore_test_affiliate OK (sanity: 0)
NOTICE:  database "qa_restore_test_catalog" does not exist, skipping
[backup] RESTORE-TEST db_catalog → qa_restore_test_catalog OK (sanity: 24)
NOTICE:  database "qa_restore_test_identity" does not exist, skipping
[backup] RESTORE-TEST db_identity → qa_restore_test_identity OK (sanity: 3)
NOTICE:  database "qa_restore_test_inventory" does not exist, skipping
[backup] RESTORE-TEST db_inventory → qa_restore_test_inventory OK (sanity: 31)
NOTICE:  database "qa_restore_test_notification" does not exist, skipping
[backup] RESTORE-TEST db_notification → qa_restore_test_notification OK (sanity: 0)
NOTICE:  database "qa_restore_test_ordering" does not exist, skipping
[backup] RESTORE-TEST db_ordering → qa_restore_test_ordering OK (sanity: 2)
NOTICE:  database "qa_restore_test_partner" does not exist, skipping
[backup] RESTORE-TEST db_partner → qa_restore_test_partner OK (sanity: 1)
NOTICE:  database "qa_restore_test_payment" does not exist, skipping
[backup] RESTORE-TEST db_payment → qa_restore_test_payment OK (sanity: 0)
NOTICE:  database "qa_restore_test_template" does not exist, skipping
[backup] RESTORE-TEST db_template → qa_restore_test_template OK (sanity: 1)
[backup] backup 9 DB + restore-test PASS — bằng chứng:
total 104
-rw-r--r--  1 hoivu  staff   2.0K Sep 10 15:59 db_affiliate.sql.gz
-rw-r--r--  1 hoivu  staff    14K Sep 10 15:59 db_catalog.sql.gz
-rw-r--r--  1 hoivu  staff   4.5K Sep 10 15:59 db_identity.sql.gz
-rw-r--r--  1 hoivu  staff   3.2K Sep 10 15:59 db_inventory.sql.gz
-rw-r--r--  1 hoivu  staff   1.3K Sep 10 15:59 db_notification.sql.gz
-rw-r--r--  1 hoivu  staff   3.6K Sep 10 15:59 db_ordering.sql.gz
-rw-r--r--  1 hoivu  staff   2.2K Sep 10 15:59 db_partner.sql.gz
-rw-r--r--  1 hoivu  staff   1.4K Sep 10 15:59 db_payment.sql.gz
-rw-r--r--  1 hoivu  staff   392B Sep 10 15:59 db_template.sql.gz
[backup] compose stop postgres — trả stack về all-down cho down() TOCTOU check
 Container ecommerce-postgres Stopping 
 Container ecommerce-postgres Stopped 
[stage] DOWN — 15:59:56 (elapsed 14s)
[down] docker compose down -v --remove-orphans — WIPE volumes (mongodata/miniodata MẤT VĨNH VIỄN — đã disclose ở GATE)
 Container ecommerce-postgres Stopping 
 Container ecommerce-postgres Stopped 
 Container ecommerce-postgres Removing 
 Container ecommerce-postgres Removed 
 Volume ecommerce_miniodata Removing 
 Network ecommerce-net Removing 
 Volume ecommerce_pgdata Removing 
 Volume ecommerce_mongodata Removing 
 Volume ecommerce_redisdata Removing 
 Volume ecommerce_esdata Removing 
 Volume ecommerce_rabbitmqdata Removing 
 Volume ecommerce_mailpitdata Removing 
 Volume ecommerce_miniodata Removed 
 Volume ecommerce_mailpitdata Removed 
 Volume ecommerce_redisdata Removed 
 Volume ecommerce_esdata Removed 
 Volume ecommerce_mongodata Removed 
 Volume ecommerce_pgdata Removed 
 Volume ecommerce_rabbitmqdata Removed 
 Network ecommerce-net Removed 
[down] down -v hoàn tất trong 0s
[down] marker ghi: /Users/hoivu/orca/workspaces/ecommerce/sf-4-sweep-run-fixes/.run/qa-fresh-boot-wiped = 20260910-155956 (bằng chứng wipe cho RESUME=BUILD)
[down] verify: 0 container ecommerce-* còn lại
[stage] BUILD — 15:59:56 (elapsed 14s)
[build] docker compose build — chạy nền, poll 30s (10-15')
 Image ecommerce-ordering-service Building 
 Image ecommerce-identity-service Building 
 Image ecommerce-catalog-service Building 
 Image ecommerce-frontend-web Building 
 Image ecommerce-affiliate-service Building 
 Image ecommerce-partner-api Building 
 Image ecommerce-log-service Building 
 Image ecommerce-notification-service Building 
 Image ecommerce-storefront-web Building 
 Image ecommerce-cart-service Building 
 Image ecommerce-gateway Building 
 Image ecommerce-inventory-service Building 
 Image ecommerce-invoice-service Building 
 Image ecommerce-payment-service Building 
#1 [internal] load local bake definitions
#1 reading from stdin 7.80kB done
#1 DONE 0.0s

#2 [payment-service internal] load build definition from Dockerfile
#2 transferring dockerfile: 1.09kB 0.0s done
#2 DONE 0.0s

#3 [identity-service internal] load build definition from Dockerfile
#3 transferring dockerfile: 1.08kB done
#3 DONE 0.0s

#4 [invoice-service internal] load build definition from Dockerfile
#4 transferring dockerfile: 660B done
#4 DONE 0.0s

#5 [frontend-web internal] load build definition from Dockerfile.web
#5 transferring dockerfile: 1.92kB 0.0s done
#5 DONE 0.0s

#6 [partner-api internal] load build definition from Dockerfile
#6 transferring dockerfile: 1.08kB done
#6 DONE 0.0s

#7 [cart-service internal] load build definition from Dockerfile
#7 transferring dockerfile: 1.21kB 0.0s done
#7 DONE 0.0s

#8 [notification-service internal] load build definition from Dockerfile
#8 transferring dockerfile: 1.11kB done
#8 DONE 0.0s

#9 [gateway internal] load build definition from Dockerfile
#9 transferring dockerfile: 952B done
#9 DONE 0.0s

#10 [inventory-service internal] load build definition from Dockerfile
#10 transferring dockerfile: 1.09kB done
#10 DONE 0.0s

#11 [ordering-service internal] load build definition from Dockerfile
#11 transferring dockerfile: 1.09kB done
#11 DONE 0.0s

#12 [storefront-web internal] load build definition from Dockerfile
#12 transferring dockerfile: 1.18kB done
#12 DONE 0.0s

#13 [catalog-service internal] load build definition from Dockerfile
#13 transferring dockerfile: 1.09kB done
#13 DONE 0.0s

#14 [log-service internal] load build definition from Dockerfile
#14 transferring dockerfile: 1.08kB done
#14 DONE 0.1s

#15 [affiliate-service internal] load build definition from Dockerfile
#15 transferring dockerfile: 1.09kB done
#15 DONE 0.1s

#16 [affiliate-service internal] load metadata for docker.io/library/eclipse-temurin:21-jre
#16 DONE 0.0s

#17 [affiliate-service internal] load metadata for docker.io/library/maven:3.9-eclipse-temurin-21
#17 ...

#18 [auth] library/maven:pull token for registry-1.docker.io
#18 DONE 0.0s

#19 [auth] library/nginx:pull token for registry-1.docker.io
#19 DONE 0.0s

#20 [auth] library/node:pull token for registry-1.docker.io
#20 DONE 0.0s

#21 [auth] library/python:pull token for registry-1.docker.io
#21 DONE 0.0s

#22 [storefront-web internal] load metadata for docker.io/library/node:20-alpine
#22 DONE 2.1s

#23 [invoice-service internal] load metadata for docker.io/library/python:3.12-slim
#23 DONE 2.1s

#17 [log-service internal] load metadata for docker.io/library/maven:3.9-eclipse-temurin-21
#17 DONE 2.1s

#24 [frontend-web internal] load metadata for docker.io/library/nginx:1.27-alpine
#24 DONE 2.1s

#25 [affiliate-service internal] load .dockerignore
#25 transferring context: 218B done
#25 DONE 0.0s

#26 [invoice-service internal] load .dockerignore
#26 transferring context: 2B done
#26 DONE 0.0s

#27 [payment-service build 1/4] FROM docker.io/library/maven:3.9-eclipse-temurin-21@sha256:a972570be789ee5c9fa23446a8914ac7327560b5c022f662cfa9452aef829f18
#27 DONE 0.0s

#28 [payment-service stage-1 1/3] FROM docker.io/library/eclipse-temurin:21-jre
#28 DONE 0.0s

#29 [invoice-service 1/7] FROM docker.io/library/python:3.12-slim@sha256:78387bc3881b8273120a12ebe6c1ab22b018ccc2c9adf565ae1ac9b536e184ea
#29 DONE 0.0s

#30 [frontend-web stage-1 1/7] FROM docker.io/library/nginx:1.27-alpine@sha256:65645c7bb6a0661892a8b03b89d0743208a18dd2f3f17a54ef4b76fb8e2f2a10
#30 DONE 0.0s

#31 [storefront-web build 1/8] FROM docker.io/library/node:20-alpine@sha256:fb4cd12c85ee03686f6af5362a0b0d56d50c58a04632e6c0fb8363f609372293
#31 DONE 0.0s

#32 [invoice-service internal] load build context
#32 transferring context: 341B done
#32 DONE 0.0s

#33 [invoice-service 3/7] RUN apt-get update     && apt-get install -y --no-install-recommends fonts-dejavu-core     && rm -rf /var/lib/apt/lists/*
#33 CACHED

#34 [invoice-service 6/7] COPY app/ app/
#34 CACHED

#35 [invoice-service 5/7] RUN pip install --no-cache-dir "fastapi>=0.115" "uvicorn>=0.30" "reportlab>=4.2" "pydantic>=2.8"
#35 CACHED

#36 [invoice-service 4/7] COPY pyproject.toml .
#36 CACHED

#37 [invoice-service 2/7] WORKDIR /app
#37 CACHED

#38 [invoice-service 7/7] COPY assets/ assets/
#38 CACHED

#39 [invoice-service] exporting to image
#39 exporting layers done
#39 writing image sha256:66ebe27d96eb5609bd5df0dd0274152c6db0162b0b06bc21955d5a67fa7b7c0d done
#39 naming to docker.io/library/ecommerce-invoice-service done
#39 DONE 0.0s

#40 [frontend-web internal] load build context
#40 transferring context: 32.97kB 0.0s done
#40 DONE 0.0s

#41 [storefront-web internal] load build context
#41 transferring context: 32.87kB 0.0s done
#41 DONE 0.1s

#42 [payment-service internal] load build context
#42 transferring context: 91.46kB 0.1s done
#42 DONE 0.1s

#43 [storefront-web stage-1 2/5] WORKDIR /app
#43 CACHED

#44 [storefront-web build 5/8] COPY frontend/packages ./packages
#44 CACHED

#45 [storefront-web build 8/8] RUN pnpm --filter storefront-web exec next build
#45 CACHED

#46 [storefront-web build 7/8] RUN pnpm install --frozen-lockfile=false --prefer-offline
#46 CACHED

#47 [storefront-web stage-1 4/5] COPY --from=build /workspace/apps/storefront-web/.next/static ./apps/storefront-web/.next/static
#47 CACHED

#48 [storefront-web stage-1 3/5] COPY --from=build /workspace/apps/storefront-web/.next/standalone ./
#48 CACHED

#49 [storefront-web build 6/8] COPY frontend/apps ./apps
#49 CACHED

#50 [storefront-web build 4/8] COPY frontend/pnpm-workspace.yaml frontend/pnpm-lock.yaml frontend/package.json frontend/turbo.json ./
#50 CACHED

#51 [storefront-web stage-1 5/5] COPY --from=build /workspace/apps/storefront-web/public ./apps/storefront-web/public
#51 CACHED

#52 [frontend-web build  9/13] RUN pnpm --filter @ecommerce/skeleton-remote exec vite build --base=/remotes/skeleton/
#52 CACHED

#53 [frontend-web stage-1 2/7] COPY infra/nginx/frontend-web.conf /etc/nginx/conf.d/default.conf
#53 CACHED

#54 [frontend-web build 2/8] WORKDIR /workspace
#54 CACHED

#55 [frontend-web build  5/13] COPY frontend/packages ./packages
#55 CACHED

#56 [frontend-web build 11/13] RUN pnpm --filter @ecommerce/mfe-checkout exec vite build --base=/remotes/checkout/
#56 CACHED

#57 [frontend-web build  7/13] WORKDIR /workspace
#57 CACHED

#58 [frontend-web build 12/13] RUN pnpm --filter @ecommerce/mfe-admin exec vite build --base=/remotes/admin/
#58 CACHED

#59 [frontend-web stage-1 3/7] COPY --from=build /workspace/apps/shell/dist /usr/share/nginx/html/shell
#59 CACHED

#60 [frontend-web build  6/13] COPY frontend/apps ./apps
#60 CACHED

#61 [frontend-web stage-1 4/7] COPY --from=build /workspace/apps/mfe-account/dist /usr/share/nginx/html/account
#61 CACHED

#62 [frontend-web build  4/13] COPY frontend/pnpm-workspace.yaml frontend/pnpm-lock.yaml frontend/package.json frontend/turbo.json ./
#62 CACHED

#63 [frontend-web build  8/13] RUN pnpm install --frozen-lockfile=false --prefer-offline
#63 CACHED

#64 [frontend-web build 3/8] RUN corepack enable
#64 CACHED

#65 [frontend-web build 13/13] RUN REMOTE_ACCOUNT_URL=/remotes/account     REMOTE_CHECKOUT_URL=/remotes/checkout     REMOTE_ADMIN_URL=/remotes/admin     REMOTE_SKELETON_URL=/remotes/skeleton     pnpm --filter @ecommerce/shell exec vite build
#65 CACHED

#66 [frontend-web stage-1 5/7] COPY --from=build /workspace/apps/mfe-checkout/dist /usr/share/nginx/html/checkout
#66 CACHED

#67 [frontend-web build 10/13] RUN pnpm --filter @ecommerce/mfe-account exec vite build --base=/remotes/account/
#67 CACHED

#68 [frontend-web stage-1 6/7] COPY --from=build /workspace/apps/mfe-admin/dist /usr/share/nginx/html/admin
#68 CACHED

#69 [frontend-web stage-1 7/7] COPY --from=build /workspace/apps/_skeleton-remote/dist /usr/share/nginx/html/skeleton
#69 CACHED

#70 [invoice-service] resolving provenance for metadata file
#70 DONE 0.0s

#71 [storefront-web] exporting to image
#71 exporting layers done
#71 writing image sha256:f65f077d09eeb2107df1f551f13ed1b6a95d5dba38ad73bb9ce76408341401e6 done
#71 naming to docker.io/library/ecommerce-storefront-web done
#71 DONE 0.0s

#72 [frontend-web] exporting to image
#72 exporting layers done
#72 writing image sha256:eee48e767d75b53c79a3d367128ff1c4b430a8b9d38e9a3722adbaa9e1ef583e done
#72 naming to docker.io/library/ecommerce-frontend-web done
#72 DONE 0.0s

#73 [payment-service build 4/4] RUN --mount=type=cache,target=/root/.m2 mvn -q package -pl services/payment-service -am -Dmaven.test.skip=true
#73 CACHED

#74 [payment-service stage-1 3/3] COPY --from=build /workspace/backend/services/payment-service/target/*.jar app.jar
#74 CACHED

#75 [identity-service build 4/4] RUN --mount=type=cache,target=/root/.m2 mvn -q package -pl services/identity-service -am -Dmaven.test.skip=true
#75 CACHED

#76 [identity-service stage-1 3/3] COPY --from=build /workspace/backend/services/identity-service/target/*.jar app.jar
#76 CACHED

#77 [storefront-web] resolving provenance for metadata file
#77 DONE 0.0s

#78 [ordering-service build 4/4] RUN --mount=type=cache,target=/root/.m2 mvn -q package -pl services/ordering-service -am -Dmaven.test.skip=true
#78 CACHED

#79 [ordering-service stage-1 3/3] COPY --from=build /workspace/backend/services/ordering-service/target/*.jar app.jar
#79 CACHED

#80 [cart-service build 4/4] RUN --mount=type=cache,target=/root/.m2 mvn -q package -pl services/cart-service -am -Dmaven.test.skip=true
#80 CACHED

#81 [cart-service stage-1 3/3] COPY --from=build /workspace/backend/services/cart-service/target/*.jar app.jar
#81 CACHED

#82 [notification-service build 4/4] RUN --mount=type=cache,target=/root/.m2 mvn -q package -pl services/notification-service -am -Dmaven.test.skip=true
#82 CACHED

#83 [notification-service stage-1 3/3] COPY --from=build /workspace/backend/services/notification-service/target/*.jar app.jar
#83 CACHED

#84 [affiliate-service build 4/4] RUN --mount=type=cache,target=/root/.m2 mvn -q package -pl services/affiliate-service -am -Dmaven.test.skip=true
#84 CACHED

#85 [affiliate-service stage-1 3/3] COPY --from=build /workspace/backend/services/affiliate-service/target/*.jar app.jar
#85 CACHED

#86 [inventory-service build 4/4] RUN --mount=type=cache,target=/root/.m2 mvn -q package -pl services/inventory-service -am -Dmaven.test.skip=true
#86 CACHED

#87 [inventory-service stage-1 3/3] COPY --from=build /workspace/backend/services/inventory-service/target/*.jar app.jar
#87 CACHED

#88 [partner-api build 4/4] RUN --mount=type=cache,target=/root/.m2 mvn -q package -pl services/partner-api -am -Dmaven.test.skip=true
#88 CACHED

#89 [gateway build 4/4] RUN --mount=type=cache,target=/root/.m2 mvn -q package -pl gateway -am -Dmaven.test.skip=true
#89 CACHED

#90 [partner-api stage-1 3/3] COPY --from=build /workspace/backend/services/partner-api/target/*.jar app.jar
#90 CACHED

#91 [gateway stage-1 3/3] COPY --from=build /workspace/backend/gateway/target/*.jar app.jar
#91 CACHED

#92 [frontend-web] resolving provenance for metadata file
#92 DONE 0.0s

#93 [catalog-service build 4/4] RUN --mount=type=cache,target=/root/.m2 mvn -q package -pl services/catalog-service -am -Dmaven.test.skip=true
#93 CACHED

#94 [affiliate-service build 2/4] WORKDIR /workspace/backend
#94 CACHED

#95 [affiliate-service stage-1 2/3] WORKDIR /app
#95 CACHED

#96 [affiliate-service build 3/4] COPY backend/ .
#96 CACHED

#97 [log-service build 4/4] RUN --mount=type=cache,target=/root/.m2 mvn -q package -pl services/log-service -am -Dmaven.test.skip=true
#97 CACHED

#98 [log-service stage-1 3/3] COPY --from=build /workspace/backend/services/log-service/target/*.jar app.jar
#98 CACHED

#99 [catalog-service stage-1 3/3] COPY --from=build /workspace/backend/services/catalog-service/target/*.jar app.jar
#99 CACHED

#100 [cart-service] exporting to image
#100 exporting layers done
#100 writing image sha256:6c6c1877b8b31af50865aca3f840e09e2fdb7c0fa446eef5abfa598bb5ec9ae5
#100 writing image sha256:6c6c1877b8b31af50865aca3f840e09e2fdb7c0fa446eef5abfa598bb5ec9ae5 0.0s done
#100 naming to docker.io/library/ecommerce-cart-service 0.0s done
#100 DONE 0.1s

#101 [ordering-service] exporting to image
#101 exporting layers done
#101 writing image sha256:a20e6a7d3df290b4c21982f966c24bb76ac50fca3abf80e544971bd10f2efd14 done
#101 naming to docker.io/library/ecommerce-ordering-service done
#101 DONE 0.0s

#102 [notification-service] exporting to image
#102 exporting layers done
#102 writing image sha256:14a75a47bfe121620b22890dc1481132895007e7b84afd47206dd6e48c75750b done
#102 naming to docker.io/library/ecommerce-notification-service done
#102 DONE 0.0s

#103 [log-service] exporting to image
#103 exporting layers done
#103 writing image sha256:ca04fc095222ce7ed7261055c6ecf00799524a7ef509840d4edf683a09dc1941 done
#103 naming to docker.io/library/ecommerce-log-service 0.0s done
#103 DONE 0.0s

#104 [gateway] exporting to image
#104 exporting layers done
#104 writing image sha256:39d898164a233559919093480194a05a047d87259eec92d597e04a8218e27a44 done
#104 naming to docker.io/library/ecommerce-gateway 0.0s done
#104 DONE 0.1s

#105 [payment-service] exporting to image
#105 exporting layers done
#105 writing image sha256:a296fc7c7440cd2eebafd66ea6415c3c8412482a3393f7c3fab1c270eb0dfc03 done
#105 naming to docker.io/library/ecommerce-payment-service 0.0s done
#105 DONE 0.1s

#106 [identity-service] exporting to image
#106 exporting layers done
#106 writing image sha256:5ca626156b0a1c0c4964d8b92629a566f953486289c25f8368fb5f8ec86967e1 done
#106 naming to docker.io/library/ecommerce-identity-service 0.0s done
#106 DONE 0.1s

#107 [inventory-service] exporting to image
#107 exporting layers done
#107 writing image sha256:f9cba5ced0bfddb24c5994a4e6f2bdd868eca2df066114f1f9a680f5922fa806 done
#107 naming to docker.io/library/ecommerce-inventory-service 0.0s done
#107 DONE 0.1s

#108 [affiliate-service] exporting to image
#108 exporting layers done
#108 writing image sha256:b5afe7b48778f555d8faad6323e1a45cc617e849221a212f529c2731f7c857b4 0.0s done
#108 naming to docker.io/library/ecommerce-affiliate-service 0.0s done
#108 DONE 0.1s

#109 [catalog-service] exporting to image
#109 exporting layers done
#109 writing image sha256:bd643aa2d5de74e8779b7e17ca09747824eb7465444a230538b4500cb3a27579 0.0s done
#109 naming to docker.io/library/ecommerce-catalog-service 0.0s done
#109 DONE 0.1s

#110 [partner-api] exporting to image
#110 exporting layers done
#110 writing image sha256:9ec10d8796d41afa05af744153966cb989c76dba4790fd4606b79ede1f2aa2cc 0.0s done
#110 naming to docker.io/library/ecommerce-partner-api 0.0s done
#110 DONE 0.1s

#111 [ordering-service] resolving provenance for metadata file
#111 DONE 0.0s

#112 [payment-service] resolving provenance for metadata file
#112 DONE 0.0s

#113 [identity-service] resolving provenance for metadata file
#113 DONE 0.0s

#114 [notification-service] resolving provenance for metadata file
#114 DONE 0.0s

#115 [catalog-service] resolving provenance for metadata file
#115 DONE 0.0s

#116 [affiliate-service] resolving provenance for metadata file
#116 DONE 0.0s

#117 [partner-api] resolving provenance for metadata file
#117 DONE 0.0s

#118 [cart-service] resolving provenance for metadata file
#118 DONE 0.0s

#119 [log-service] resolving provenance for metadata file
#119 DONE 0.0s

#120 [gateway] resolving provenance for metadata file
#120 DONE 0.0s

#121 [inventory-service] resolving provenance for metadata file
#121 DONE 0.0s
 Image ecommerce-catalog-service Built 
 Image ecommerce-ordering-service Built 
 Image ecommerce-storefront-web Built 
 Image ecommerce-identity-service Built 
 Image ecommerce-partner-api Built 
 Image ecommerce-cart-service Built 
 Image ecommerce-affiliate-service Built 
 Image ecommerce-inventory-service Built 
 Image ecommerce-notification-service Built 
 Image ecommerce-payment-service Built 
 Image ecommerce-invoice-service Built 
 Image ecommerce-frontend-web Built 
 Image ecommerce-gateway Built 
 Image ecommerce-log-service Built 
[build] build OK trong 30s
[stage] UP — 16:00:26 (elapsed 44s)
[up] make -s keys (JWT keypair nếu thiếu — identity/catalog mount ./infra/keys)
infra/keys/jwt-private.pem đã tồn tại — bỏ qua (xóa để regenerate)
...+++++++++++++++++++++++++++++++++++++++*....+.........+.....+...+...+.......+..+.+.....+.......+..............+.............+..+.+.....+..................+....+........+++++++++++++++++++++++++++++++++++++++*.+............+.....+..........+.....+.+..+....+......+.....+...+.......+..+.......+......+..............+......+...+.+...+..+.........+.........+...+.......+.....+.+.........+......+..+...+......+...+...............+.+.....+.+.....+.............+..+....+..+...+.......+..+...+....+...........+....+...+...+.....+....+...+..+....+.....+.......+...............+..................++++++
..........+....+...+........+...+......+....+++++++++++++++++++++++++++++++++++++++*..+............+++++++++++++++++++++++++++++++++++++++*........+...+......+............+........+.+...+.....................+.....+.+........+...+.............+..+.......+.....+.+..++++++
→ Đã sinh infra/keys/jwt-{private,public}.pem
[up] docker compose up -d — batch theo tier (anti daemon-wedge QA-F2-04)
 Volume ecommerce_esdata Creating 
 Volume ecommerce_esdata Creating 
 Volume ecommerce_pgdata Creating 
 Volume ecommerce_pgdata Creating 
 Volume ecommerce_miniodata Creating 
 Volume ecommerce_miniodata Creating 
 Volume ecommerce_rabbitmqdata Creating 
 Volume ecommerce_rabbitmqdata Creating 
 Volume ecommerce_mongodata Creating 
 Volume ecommerce_mongodata Creating 
 Network ecommerce-net Creating 
 Network ecommerce-net Creating 
 Volume ecommerce_mailpitdata Creating 
 Volume ecommerce_mailpitdata Creating 
 Volume ecommerce_redisdata Creating 
 Volume ecommerce_redisdata Creating 
 Volume ecommerce_mongodata Created 
 Volume ecommerce_mongodata Created 
 Volume ecommerce_rabbitmqdata Created 
 Volume ecommerce_rabbitmqdata Created 
 Volume ecommerce_esdata Created 
 Volume ecommerce_esdata Created 
 Volume ecommerce_miniodata Created 
 Volume ecommerce_miniodata Created 
 Volume ecommerce_pgdata Created 
 Volume ecommerce_pgdata Created 
 Volume ecommerce_redisdata Created 
 Volume ecommerce_redisdata Created 
 Volume ecommerce_mailpitdata Created 
 Volume ecommerce_mailpitdata Created 
 Network ecommerce-net Created 
 Network ecommerce-net Created 
 Container ecommerce-redis Creating 
 Container ecommerce-postgres Creating 
 Container ecommerce-rabbitmq Creating 
 Container ecommerce-elasticsearch Creating 
 Container ecommerce-mailpit Creating 
 Container ecommerce-minio Creating 
 Container ecommerce-mongo Creating 
 Container ecommerce-postgres Created 
 Container ecommerce-redis Created 
 Container ecommerce-minio Created 
 Container ecommerce-rabbitmq Created 
 Container ecommerce-mailpit Created 
 Container ecommerce-mongo Created 
 Container ecommerce-elasticsearch Created 
 Container ecommerce-elasticsearch Starting 
 Container ecommerce-minio Starting 
 Container ecommerce-redis Starting 
 Container ecommerce-postgres Starting 
 Container ecommerce-mailpit Starting 
 Container ecommerce-rabbitmq Starting 
 Container ecommerce-mongo Starting 
 Container ecommerce-redis Started 
 Container ecommerce-elasticsearch Started 
 Container ecommerce-postgres Started 
 Container ecommerce-minio Started 
 Container ecommerce-mailpit Started 
 Container ecommerce-rabbitmq Started 
 Container ecommerce-mongo Started 
 Container ecommerce-rabbitmq Running 
 Container ecommerce-elasticsearch Running 
 Container ecommerce-redis Running 
 Container ecommerce-postgres Running 
 Container ecommerce-catalog-service Creating 
 Container ecommerce-identity-service Creating 
 Container ecommerce-invoice-service Creating 
 Container ecommerce-inventory-service Creating 
 Container ecommerce-cart-service Creating 
 Container ecommerce-identity-service Created 
 Container ecommerce-invoice-service Created 
 Container ecommerce-inventory-service Created 
 Container ecommerce-catalog-service Created 
 Container ecommerce-cart-service Created 
 Container ecommerce-invoice-service Starting 
 Container ecommerce-postgres Waiting 
 Container ecommerce-postgres Waiting 
 Container ecommerce-rabbitmq Waiting 
 Container ecommerce-postgres Waiting 
 Container ecommerce-redis Waiting 
 Container ecommerce-rabbitmq Waiting 
 Container ecommerce-elasticsearch Waiting 
 Container ecommerce-redis Waiting 
 Container ecommerce-invoice-service Started 
 Container ecommerce-redis Healthy 
 Container ecommerce-cart-service Starting 
 Container ecommerce-postgres Healthy 
 Container ecommerce-postgres Healthy 
 Container ecommerce-identity-service Starting 
 Container ecommerce-postgres Healthy 
 Container ecommerce-redis Healthy 
 Container ecommerce-cart-service Started 
 Container ecommerce-identity-service Started 
 Container ecommerce-rabbitmq Healthy 
 Container ecommerce-inventory-service Starting 
 Container ecommerce-rabbitmq Healthy 
 Container ecommerce-inventory-service Started 
 Container ecommerce-elasticsearch Healthy 
 Container ecommerce-catalog-service Starting 
 Container ecommerce-catalog-service Started 
 Container ecommerce-mongo Running 
 Container ecommerce-mailpit Running 
 Container ecommerce-invoice-service Running 
 Container ecommerce-postgres Running 
 Container ecommerce-rabbitmq Running 
 Container ecommerce-payment-service Creating 
 Container ecommerce-ordering-service Creating 
 Container ecommerce-partner-api Creating 
 Container ecommerce-affiliate-service Creating 
 Container ecommerce-log-service Creating 
 Container ecommerce-notification-service Creating 
 Container ecommerce-partner-api Created 
 Container ecommerce-log-service Created 
 Container ecommerce-ordering-service Created 
 Container ecommerce-affiliate-service Created 
 Container ecommerce-notification-service Created 
 Container ecommerce-payment-service Created 
 Container ecommerce-postgres Waiting 
 Container ecommerce-rabbitmq Waiting 
 Container ecommerce-invoice-service Waiting 
 Container ecommerce-rabbitmq Waiting 
 Container ecommerce-mailpit Waiting 
 Container ecommerce-postgres Waiting 
 Container ecommerce-postgres Waiting 
 Container ecommerce-rabbitmq Waiting 
 Container ecommerce-rabbitmq Waiting 
 Container ecommerce-mongo Waiting 
 Container ecommerce-postgres Waiting 
 Container ecommerce-rabbitmq Waiting 
 Container ecommerce-rabbitmq Waiting 
 Container ecommerce-postgres Waiting 
 Container ecommerce-rabbitmq Healthy 
 Container ecommerce-mailpit Healthy 
 Container ecommerce-mongo Healthy 
 Container ecommerce-rabbitmq Healthy 
 Container ecommerce-log-service Starting 
 Container ecommerce-postgres Healthy 
 Container ecommerce-invoice-service Healthy 
 Container ecommerce-postgres Healthy 
 Container ecommerce-rabbitmq Healthy 
 Container ecommerce-rabbitmq Healthy 
 Container ecommerce-partner-api Starting 
 Container ecommerce-rabbitmq Healthy 
 Container ecommerce-notification-service Starting 
 Container ecommerce-postgres Healthy 
 Container ecommerce-payment-service Starting 
 Container ecommerce-postgres Healthy 
 Container ecommerce-postgres Healthy 
 Container ecommerce-ordering-service Starting 
 Container ecommerce-rabbitmq Healthy 
 Container ecommerce-affiliate-service Starting 
 Container ecommerce-partner-api Started 
 Container ecommerce-payment-service Started 
 Container ecommerce-log-service Started 
 Container ecommerce-ordering-service Started 
 Container ecommerce-affiliate-service Started 
 Container ecommerce-notification-service Started 
 Container ecommerce-ordering-service Running 
 Container ecommerce-rabbitmq Running 
 Container ecommerce-payment-service Running 
 Container ecommerce-elasticsearch Running 
 Container ecommerce-cart-service Running 
 Container ecommerce-minio Running 
 Container ecommerce-redis Running 
 Container ecommerce-affiliate-service Running 
 Container ecommerce-log-service Running 
 Container ecommerce-mongo Running 
 Container ecommerce-identity-service Running 
 Container ecommerce-partner-api Running 
 Container ecommerce-inventory-service Running 
 Container ecommerce-invoice-service Running 
 Container ecommerce-notification-service Running 
 Container ecommerce-mailpit Running 
 Container ecommerce-postgres Running 
 Container ecommerce-catalog-service Running 
 Container ecommerce-stripe-cli Creating 
 Container ecommerce-frontend-web Creating 
 Container ecommerce-minio-init Creating 
 Container ecommerce-gateway Creating 
 Container ecommerce-storefront-web Creating 
 Container ecommerce-mongo-express Creating 
 Container ecommerce-stripe-cli Created 
 Container ecommerce-gateway Created 
 Container ecommerce-storefront-web Created 
 Container ecommerce-minio-init Created 
 Container ecommerce-frontend-web Created 
 Container ecommerce-mongo-express Created 
 Container ecommerce-stripe-cli Starting 
 Container ecommerce-storefront-web Starting 
 Container ecommerce-mongo Waiting 
 Container ecommerce-minio Waiting 
 Container ecommerce-frontend-web Starting 
 Container ecommerce-postgres Waiting 
 Container ecommerce-postgres Waiting 
 Container ecommerce-rabbitmq Waiting 
 Container ecommerce-rabbitmq Waiting 
 Container ecommerce-invoice-service Waiting 
 Container ecommerce-postgres Waiting 
 Container ecommerce-rabbitmq Waiting 
 Container ecommerce-postgres Waiting 
 Container ecommerce-rabbitmq Waiting 
 Container ecommerce-rabbitmq Waiting 
 Container ecommerce-postgres Waiting 
 Container ecommerce-postgres Waiting 
 Container ecommerce-redis Waiting 
 Container ecommerce-rabbitmq Waiting 
 Container ecommerce-rabbitmq Waiting 
 Container ecommerce-mailpit Waiting 
 Container ecommerce-redis Waiting 
 Container ecommerce-mongo Waiting 
 Container ecommerce-rabbitmq Waiting 
 Container ecommerce-elasticsearch Waiting 
 Container ecommerce-postgres Waiting 
 Container ecommerce-postgres Waiting 
 Container ecommerce-mongo Healthy 
 Container ecommerce-redis Healthy 
 Container ecommerce-postgres Healthy 
 Container ecommerce-rabbitmq Healthy 
 Container ecommerce-elasticsearch Healthy 
 Container ecommerce-postgres Healthy 
 Container ecommerce-mailpit Healthy 
 Container ecommerce-postgres Healthy 
 Container ecommerce-invoice-service Healthy 
 Container ecommerce-redis Healthy 
 Container ecommerce-postgres Healthy 
 Container ecommerce-postgres Healthy 
 Container ecommerce-postgres Healthy 
 Container ecommerce-postgres Healthy 
 Container ecommerce-rabbitmq Healthy 
 Container ecommerce-rabbitmq Healthy 
 Container ecommerce-postgres Healthy 
 Container ecommerce-rabbitmq Healthy 
 Container ecommerce-rabbitmq Healthy 
 Container ecommerce-rabbitmq Healthy 
 Container ecommerce-rabbitmq Healthy 
 Container ecommerce-rabbitmq Healthy 
 Container ecommerce-gateway Starting 
 Container ecommerce-mongo Healthy 
 Container ecommerce-mongo-express Starting 
 Container ecommerce-minio Healthy 
 Container ecommerce-minio-init Starting 
 Container ecommerce-frontend-web Started 
 Container ecommerce-storefront-web Started 
 Container ecommerce-stripe-cli Started 
 Container ecommerce-mongo-express Started 
 Container ecommerce-minio-init Started 
 Container ecommerce-gateway Started 
[up] TIER 1/3 — infra: postgres redis rabbitmq mongo elasticsearch minio mailpit (poll 5s · timeout 2'/svc)
[up]   postgres healthy (elapsed 33s)
[up]   redis healthy (elapsed 33s)
[up]   rabbitmq healthy (elapsed 33s)
[up]   mongo healthy (elapsed 34s)
[up]   elasticsearch healthy (elapsed 34s)
[up]   minio healthy (elapsed 34s)
[up]   mailpit healthy (elapsed 34s)
[up] TIER 2/3 — 10 JVM actuator + gateway(host :8080) + invoice(FastAPI healthcheck) (poll 10s · timeout 4'/svc)
[up]   identity UP (elapsed 35s)
[up]   catalog UP (elapsed 87s)
[up]   cart UP (elapsed 87s)
[up]   inventory UP (elapsed 87s)
[up]   ordering UP (elapsed 87s)
[up]   payment UP (elapsed 87s)
[up]   notification UP (elapsed 88s)
[up]   log UP (elapsed 88s)
[up]   partner-api UP (elapsed 88s)
[up]   affiliate UP (elapsed 88s)
[up]   gateway UP — host :8080/actuator/health (elapsed 88s)
[up]   invoice-service healthy — compose healthcheck (elapsed 88s)
[up] TIER 3/3 — FE containers + gateway public routes (poll 5s · timeout 2')
[up]   ecommerce-frontend-web running (elapsed 88s)
[up]   ecommerce-storefront-web running (elapsed 88s)
[up]   GET :8080/ → 200 (storefront route, elapsed 90s)
[up]   GET :8080/cart → 200 (shell route, elapsed 90s)
[up] UP PASS — 3/3 tier (tổng 90s)
[stage] SEED — 16:01:56 (elapsed 134s)
[seed] readiness poll — đợi SeedDataRunner populate products (async sau health UP · poll 5s · timeout 2')
[seed] products > 0 — seed-readiness OK
[seed] make seed — assert exit 0 AND output khớp XONG (seed.sh:229)
scripts/seed/seed.sh: line 29: .env: No such file or directory
[36m[seed][0m admin admin@demo.vn…
[36m[seed][0m demo user user@demo.vn…
[36m[seed][0m notification service-account + promote ADMIN…
[36m[seed][0m roles OK (admin + notification-svc = ADMIN)
INSERT 0 2
[36m[seed][0m coupons OK (WELCOME10 10%/limit100/+30d · GIAM50K 50k)
[36m[seed][0m catalog: 24 products, 4 flash đang chạy (+2 ngày từ boot)
[36m[seed][0m default variants: +19 (product còn thiếu variant: 0)
[36m[seed][0m ảnh: upload thử 1 fail [HTTP:403] — retry sau 6s
[36m[seed][0m ảnh: upload thử 2 fail [HTTP:403] — retry sau 6s
[36m[seed][0m ảnh: upload thử 3 fail [HTTP:403] — retry sau 6s
[36m[seed][0m ảnh: upload thử 4 fail [HTTP:403] — retry sau 6s
[36m[seed][0m ảnh: upload fail sau 5 thử (cuối: HTTP:403) — bỏ qua phần còn lại (guard QA-F2-03)
[36m[seed][0m ảnh: uploaded 0/24 products, 0 image rows filled
[36m[seed][0m orders CONFIRMED OK: 2 đơn (invoice #1 #2 — 01/001 C26/2026)
[36m[seed][0m review eligibility OK (tai nghe — user@demo.vn)
INSERT 0 1
UPDATE 1
[36m[seed][0m review APPROVED (verified) OK
[36m[seed][0m inventory stocks OK (31 variant × 50)
[36m[seed][0m partner demo key OK (raw: pk_0123456789abcdef0123456789abcdef — E2E §5.13 dùng key này)
[36m[seed][0m XONG — accounts: admin admin@demo.vn / user user@demo.vn (password từ .env)
[36m[seed][0m       affiliate demo: xem docs/demo-script.md §affiliate
[seed] make seed OK — exit 0 + XONG khớp
[stage] PROBES — 16:02:31 (elapsed 169s)
[probes] collect-ALL — 7 sub-probe (a→f; rbac = guest-put + roundtrip), không fail-fast, verdict bảng cuối
[probe] FINDING — MinIO-reseed: 0 product_images có url — ảnh không có sẵn sau seed
[probe] FAIL — minio-image: 0 product_images có url (MinIO-reseed)
[probe] PASS — login-admin: POST /api/identity/auth/login → 200 + accessToken (605 chars)
[probe] PASS — guest-cart: POST /api/cart/items (guest, product a2c05bb5…) → 200
[probe] PASS — events-api: GET /api/log/admin/events (JWT) → 200
[probe] PASS — rbac-guest-put: PUT admin product KHÔNG token → 401 (blocked đúng)
[probe] FINDING — bug data: images url rỗng — admin PUT round-trip 400 (images[].url bắt buộc)
[probe] FAIL — rbac-roundtrip: PUT 400 — bug data images url rỗng
[probe] PASS — port-owner: 9 port sạch (chỉ docker/rỗng)
[probes] ── VERDICT TABLE (2/7 FAIL) ──
[probes]   FAIL  minio-image — 0 product_images có url (MinIO-reseed)
[probes]   PASS  login-admin — POST /api/identity/auth/login → 200 + accessToken (605 chars)
[probes]   PASS  guest-cart — POST /api/cart/items (guest, product a2c05bb5…) → 200
[probes]   PASS  events-api — GET /api/log/admin/events (JWT) → 200
[probes]   PASS  rbac-guest-put — PUT admin product KHÔNG token → 401 (blocked đúng)
[probes]   FAIL  rbac-roundtrip — PUT 400 — bug data images url rỗng
[probes]   PASS  port-owner — 9 port sạch (chỉ docker/rỗng)
[probes] FINDINGS (2):
[probes]   - MinIO-reseed: 0 product_images có url — ảnh không có sẵn sau seed
[probes]   - bug data: images url rỗng — admin PUT round-trip 400 (images[].url bắt buộc)
[die] exit 6 — [probes] 2/7 probe FAIL — findings minh bạch (stack vẫn seeded) (total elapsed 172s)
[done] exit=6 · total elapsed 172s · log=/tmp/qa-fresh-boot-20260910-155942.log
